// Jest Snapshot v1, https://goo.gl/fbAQLP

exports[`<Item /> renders and matches the snapshot 1`] = `
<ItemStyles__Item>
  <Link
    href={
      Object {
        "pathname": "/item",
        "query": Object {
          "id": "ABCD",
        },
      }
    }
  >
    <a>
      <img
        alt="A cool item"
        src="dog.jpg"
      />
      <Title>
        <a>
          A cool item
        </a>
      </Title>
      <PriceTag>
        $40
      </PriceTag>
    </a>
  </Link>
</ItemStyles__Item>
`;
